// Jest Snapshot v1, https://goo.gl/fbAQLP

exports[`atob 0 1`] = `"foobar"`;
